1<Sidi>2<Mohamed>['3']
